id     graham       robinson     fisher       tristate  
 1   h 0.000000   h 0.388370   h 0.478052   u 0.478052
 2   h 0.000001   h 0.493943   h 0.500000   u 0.500000
 3   S 1.000000   h 0.508769   h 0.500000   u 0.500000
 4   h 0.000003   h 0.512928   h 0.500000   u 0.500000
 5   h 0.116364   S 0.541848   h 0.500002   u 0.500002
 6   h 0.000001   h 0.513992   h 0.500002   u 0.500002
 7   S 1.000000   S 0.599406   h 0.574138   u 0.574138
 8   S 1.000000   S 0.636089   S 0.991484   S 8.52e-03
