msg.bg.0117.text.n   0.499648
msg.bg.0117.text.y   0.499881
msg.dr.0118.base64.n 0.009972
msg.dr.0118.base64.y 0.491506
msg.gs.0119.text.n   0.857128
msg.gs.0119.text.y   0.741956
