u 0.499999
u 0.500000
u 0.500000
u 0.525056
u 0.873868
u 0.528236
S 1.20e-08
S 0.00e+00
