./inputs/msg.1.txt u 0.499999
./inputs/msg.2.txt u 0.500000
./inputs/msg.3.txt u 0.500000
./inputs/msg.4.txt u 0.525056
./inputs/msg.5.txt u 0.873868
./inputs/msg.6.txt u 0.528341
./inputs/msg.7.txt S 1.18e-08
./inputs/msg.8.txt S 0.00e+00
