PD.fff
"head:free"                          6  1.000000  0.000000  0.000691 +
"head:FREE"                          0  0.000000  0.000000  0.415000 -
"head:Free"                          3  0.333333  0.500000  0.599385 -

Pdf.FREE
***  head:Free - o: 0.500000, n: 0.599385, a: 0.599385
"head:FREE"                          3  0.333333  0.500000  0.599385 -

PdF.FREE
***  head:Free - o: 0.500000, n: 0.599385, a: 0.599385
***  head:free - o: 0.599385, n: 0.000691, a: 0.000691
***  FREE - o: 0.000691, n: 0.415000, a: 0.000691
***  Free - o: 0.000691, n: 0.415000, a: 0.000691
***  free - o: 0.000691, n: 0.415000, a: 0.000691
"head:FREE"                          0  0.000000  0.000000  0.415000 -

PdF.fnff
***  head:Free - o: 0.500000, n: 0.599385, a: 0.599385
***  head:free - o: 0.599385, n: 0.000691, a: 0.000691
***  FREE - o: 0.000691, n: 0.415000, a: 0.000691
***  Free - o: 0.000691, n: 0.415000, a: 0.000691
***  free - o: 0.000691, n: 0.415000, a: 0.000691
"head:FREE"                          0  0.000000  0.000000  0.415000 -
"head:free"                          6  1.000000  0.000000  0.000691 +
"head:Free"                          3  0.333333  0.500000  0.599385 -

