id     fisher       tristate  
 1   h 0.500039   u 0.500039
 2   h 0.500096   u 0.500096
 3   h 0.500086   u 0.500086
 4   h 0.507130   u 0.507130
 5   h 0.982608   u 0.982608
 6   h 0.638178   u 0.638178
 7   S 1.000000   S 1.81e-11
 8   S 1.000000   S 0.00e+00
