good/cur/002 H 3.12916e-13
good/cur/044 H 8.58603e-10
