******  IHT  ******
From
bounce
junk
Content-Type
text
html
DONE
Done
done
comment
two
words
wordlist
wordlist
******  iHT  ******
from
bounce
junk
content-type
text
html
done
done
done
comment
two
words
wordlist
wordlist
******  IhT  ******
head:From
head:bounce
to:junk
head:Content-Type
head:text
head:html
DONE
Done
done
comment
two
words
wordlist
wordlist
******  IHt  ******
From
bounce
junk
Content-Type
text
html
DONE
Done
done
comment
two
words
www.com
wordlist
wordlist
href
url.example.com
href
file.img
picture.gif
verdana
arial
color
red
******  Iht  ******
head:From
head:bounce
to:junk
head:Content-Type
head:text
head:html
DONE
Done
done
comment
two
words
www.com
wordlist
wordlist
href
url.example.com
href
file.img
picture.gif
verdana
arial
color
red
******  iHt  ******
from
bounce
junk
content-type
text
html
done
done
done
comment
two
words
www.com
wordlist
wordlist
href
url.example.com
href
file.img
picture.gif
verdana
arial
color
red
******  ihT  ******
head:from
head:bounce
to:junk
head:content-type
head:text
head:html
done
done
done
comment
two
words
wordlist
wordlist
******  iht  ******
head:from
head:bounce
to:junk
head:content-type
head:text
head:html
done
done
done
comment
two
words
www.com
wordlist
wordlist
href
url.example.com
href
file.img
picture.gif
verdana
arial
color
red
