msg.split.bg.0117.text   0.482530
msg.split.dr.0118.base64 0.499999
msg.split.gs.0119.text   0.931547
