id     graham       robinson     fisher       tristate  
 1   h 0.000000   h 0.388370   h 0.478052   u 0.478052
 2   h 0.000001   h 0.493858   h 0.500000   u 0.500000
 3   S 1.000000   h 0.505842   h 0.500000   u 0.500000
 4   h 0.000003   h 0.512928   h 0.500000   u 0.500000
 5   h 0.116364   S 0.541735   h 0.500001   u 0.500001
 6   h 0.000001   h 0.513992   h 0.500002   u 0.500002
 7   S 1.000000   S 0.596754   h 0.560413   u 0.560413
 8   S 1.000000   S 0.636089   S 0.991484   S 8.52e-03
