msg.bg.0117.text.n   0.499658
msg.bg.0117.text.y   0.499998
msg.dr.0118.base64.n 0.010204
msg.dr.0118.base64.y 0.491621
msg.gs.0119.text.n   0.857128
msg.gs.0119.text.y   0.741956
