id     graham       robinson     fisher    
 1   h 0.000000   h 0.402296   h 0.498915
 2   S 1.000000   h 0.527095   h 0.500000
 3   S 1.000000   S 0.540316   h 0.500000
 5   S 1.000000   S 0.570817   h 0.522850
 6   S 1.000000   S 0.586231   h 0.660695
 7   S 1.000000   S 0.628419   h 0.922009
 8   S 1.000000   S 0.692182   S 1.000000
