u 0.500000
u 0.500000
u 0.500000
u 0.602261
u 0.775392
u 0.603169
S 5.37e-06
S 0.00e+00
