id     graham       robinson     fisher       tristate  
 1   h 0.000000   h 0.386108   h 0.470915   u 0.470915
 2   h 0.000000   h 0.493814   h 0.500000   u 0.500000
 3   h 0.010000   h 0.505762   h 0.500000   u 0.500000
 4   h 0.003732   h 0.512696   h 0.500000   u 0.500000
 5   S 0.999469   S 0.541628   h 0.500001   u 0.500001
 6   h 0.003229   h 0.506948   h 0.500000   u 0.500000
 7   S 1.000000   S 0.596577   h 0.559499   u 0.559499
 8   S 1.000000   S 0.636079   S 0.991473   S 8.53e-03
