msg.bg.0117.text     0.499996
msg.dr.0118.base64   0.488122
msg.gs.0119.text     0.741956
