account
all
and
any
anytime
back
behind
biggest
button
cancelable
cancellation
change
character
city
city's
clancy
clancy's
click
complete
conditions
controversial
credits
crisis
dvds
for
free
from 
giuliani
guided
handling
his
history
inc
including
instructions
jack
junkflix
king's
latest
leadership
learned
length
lessons
mayor
month-to-month
monthly
most
netflix
new
nobody
nowhere.com
office
partial
period
periods
please
popular
program
rabbit
red
reflects
refunds
rent
reserves
right
rudolph
ryan
shipping
standard
stephen
story
subject
subscription
terms
the
there
thriller
through
time
tom
trial
visit
want
who
with
www.netflix.com
york
you
your
