+ bogoutil -w /mnt/ramdrive/robx.sh.20030131 .ROBX
                       spam   good
.ROBX                252685      0
+ bogoutil -w /mnt/ramdrive/robx.sh.20030131 .ROBX
+ awk '{print $2}'
good
252685
+ bogoutil -w /mnt/ramdrive/robx.sh.20030131 .ROBX
+ awk '/.ROBX/ { print $2; }'
252685
+ echo AWK:
AWK:
+ /home/relson/filter/cvs/tests/bogofilter/../../bogoutil -w /mnt/ramdrive/robx.sh.20030131 .ROBX
+ awk '/.ROBX/ { print $2; }'
252685
++ awk '/.ROBX/ { print $2; }'
++ /home/relson/filter/cvs/tests/bogofilter/../../bogoutil -w /mnt/ramdrive/robx.sh.20030131 .ROBX
+ RESULT=252685
+ echo RESULT: 252685
RESULT: 252685
+ WANT=252685
+ '[' 0 -ne 0 ']'
+ test 252685 = 252685
