id     graham       robinson     fisher       tristate  
 1   h 0.000000   h 0.402636   h 0.498846   u 0.498846
 2   S 1.000000   h 0.527095   h 0.500000   u 0.500000
 3   S 1.000000   S 0.540027   h 0.500000   u 0.500000
 4   h 0.000345   h 0.528770   h 0.500003   u 0.500003
 5   S 1.000000   S 0.570817   h 0.522850   u 0.522850
 6   S 1.000000   S 0.586231   h 0.660695   u 0.660695
 7   S 1.000000   S 0.628419   h 0.922009   u 0.922009
 8   S 1.000000   S 0.692182   S 1.000000   S 8.88e-16
