account
and
any
anytime
back
behind
biggest
cancelable
cancellation
change
character
city
city's
clancy
clancy's
click
complete
conditions
controversial
credits
crisis
dvds
for
free
giuliani
guided
handling
his
history
inc
including
instructions
jack
junkflix
king's
latest
leadership
learned
length
lessons
mayor
monthly
month-to-month
most
netflix
new
office
partial
period
periods
please
popular
program
rabbit
red
reflects
refunds
rent
reserves
rudolph
ryan
shipping
standard
stephen
story
subject
subscription
terms
the
there
thriller
through
time
tom
trial
visit
want
who
with
www.netflix.com
york
you
your
