id     graham       robinson     fisher       tristate  
 1   h 0.000000   h 0.402799   h 0.498846   u 0.498846
 2   S 1.000000   h 0.526792   h 0.500000   u 0.500000
 3   S 1.000000   h 0.539299   h 0.500000   u 0.500000
 4   h 0.000345   h 0.527220   h 0.500003   u 0.500003
 5   S 1.000000   S 0.570010   h 0.522850   u 0.522850
 6   S 1.000000   S 0.585535   h 0.660695   u 0.660695
 7   S 1.000000   S 0.627475   h 0.922009   u 0.922009
 8   S 1.000000   S 0.693911   S 1.000000   S 2.22e-16
