u 0.913288
S 6.43e-07
S 3.18e-06
S 4.59e-04
S 0.00e+00
S 1.84e-07
S 7.18e-14
S 1.35e-07
