.MSG_COUNT 2 6
Free 1 2
free 0 6
xxxx 1 0

PD
"free"                               6  1.000000  0.000000  0.000691 +
"FREE"                               0  0.000000  0.000000  0.415000 -
"Free"                               3  0.333333  0.500000  0.599385 -

Pdf
***  Free - o: 0.500000, n: 0.599385, a: 0.599385
"FREE"                               3  0.333333  0.500000  0.599385 -

PdF
***  Free - o: 0.500000, n: 0.599385, a: 0.599385
***  free - o: 0.599385, n: 0.000691, a: 0.000691
"FREE"                               6  1.000000  0.000000  0.000691 +

fff
***  Free - o: 0.500000, n: 0.599385, a: 0.599385
***  free - o: 0.599385, n: 0.000691, a: 0.000691
"FREE"                               6  1.000000  0.000000  0.000691 +
"free"                               6  1.000000  0.000000  0.000691 +
"Free"                               3  0.333333  0.500000  0.599385 -
