msg.bg.0117.text     0.472878
msg.dr.0118.base64   0.499998
msg.gs.0119.text     0.905906
