u 0.500002
u 0.500001
u 0.500001
u 0.502081
u 0.923451
u 0.547190
S 4.70e-10
S 0.00e+00
