Histogram
score   count  pct  histogram
0.00     3506 66.31 ################################################
0.05        1  0.02 #
0.10        1  0.02 #
0.15        7  0.13 #
0.20       10  0.19 #
0.25       12  0.23 #
0.30       17  0.32 #
0.35       25  0.47 #
0.40       41  0.78 #
0.45       18  0.34 #
0.50       85  1.61 ##
0.55        9  0.17 #
0.60       29  0.55 #
0.65      129  2.44 ##
0.70        6  0.11 #
0.75       23  0.44 #
0.80       61  1.15 #
0.85       13  0.25 #
0.90       29  0.55 #
0.95     1265 23.93 ##################
tot      5287
hapaxes:  ham    2581 (48.82%), spam     784 (14.83%)
   pure:  ham    3506 (66.31%), spam    1257 (23.78%)
