./inputs/msg.1.txt u 0.500002
./inputs/msg.2.txt u 0.500001
./inputs/msg.3.txt u 0.500001
./inputs/msg.4.txt u 0.502081
./inputs/msg.5.txt u 0.923451
./inputs/msg.6.txt u 0.547190
./inputs/msg.7.txt S 4.70e-10
./inputs/msg.8.txt S 0.00e+00
