id     graham       robinson     fisher       tristate  
 1   h 0.000000   h 0.454717   h 0.499999   u 0.499999
 2   S 0.990000   h 0.535319   h 0.500000   u 0.500000
 3   h 0.000000   S 0.541858   h 0.500000   u 0.500000
 4   h 0.000000   S 0.554639   h 0.525056   u 0.525056
 5   S 0.999961   S 0.572724   h 0.873868   u 0.873868
 6   S 0.993432   S 0.540334   h 0.528341   u 0.528341
 7   S 1.000000   S 0.660464   S 1.000000   S 1.18e-08
 8   S 1.000000   S 0.695342   S 1.000000   S 0.00e+00
