good/cur/002 H 2.49245e-14
good/cur/044 H 1.14527e-09
