******  IHT  ******
From
bounce
junk
Content-Type
text
html
DONE
Done
done
comment
two
words
wordlist
wordlist
******  iHT  ******
from
bounce
junk
content-type
text
html
done
done
done
comment
two
words
wordlist
wordlist
******  IhT  ******
From
bounce
to:junk
Content-Type
text
html
DONE
Done
done
comment
two
words
wordlist
wordlist
******  IHt  ******
From
bounce
junk
Content-Type
text
html
DONE
Done
done
comment
two
words
www.com
wordlist
wordlist
href
url.example.com
href
file.img
picture.gif
verdana
arial
color
red
******  Iht  ******
From
bounce
to:junk
Content-Type
text
html
DONE
Done
done
comment
two
words
www.com
wordlist
wordlist
href
url.example.com
href
file.img
picture.gif
verdana
arial
color
red
******  iHt  ******
from
bounce
junk
content-type
text
html
done
done
done
comment
two
words
www.com
wordlist
wordlist
href
url.example.com
href
file.img
picture.gif
verdana
arial
color
red
******  ihT  ******
from
bounce
to:junk
content-type
text
html
done
done
done
comment
two
words
wordlist
wordlist
******  iht  ******
from
bounce
to:junk
content-type
text
html
done
done
done
comment
two
words
www.com
wordlist
wordlist
href
url.example.com
href
file.img
picture.gif
verdana
arial
color
red
