msg.split.bg.0117.text   0.468542
msg.split.dr.0118.base64 0.499925
msg.split.gs.0119.text   0.905906
